gen.c:23:5:gen_knight_moves	56	static
gen.c:37:5:gen_bishop_moves	56	static
gen.c:51:5:gen_rook_moves	56	static
gen.c:65:5:gen_queen_moves	56	static
gen.c:79:5:gen_king_moves	56	static
gen.c:94:5:gen_white_pawn_moves	96	static
gen.c:138:5:gen_white_knight_moves	32	static
gen.c:143:5:gen_white_bishop_moves	48	static
gen.c:148:5:gen_white_rook_moves	48	static
gen.c:153:5:gen_white_queen_moves	48	static
gen.c:158:5:gen_white_king_moves	32	static
gen.c:163:5:gen_white_king_castles	816	static
gen.c:186:5:gen_white_moves	24	static
gen.c:199:5:gen_white_pawn_attacks_against	72	static
gen.c:216:5:gen_white_knight_attacks_against	40	static
gen.c:221:5:gen_white_bishop_attacks_against	48	static
gen.c:226:5:gen_white_rook_attacks_against	48	static
gen.c:231:5:gen_white_queen_attacks_against	48	static
gen.c:236:5:gen_white_king_attacks_against	40	static
gen.c:241:5:gen_white_attacks_against	32	static
gen.c:252:5:gen_white_attacks	24	static
gen.c:256:5:gen_white_checks	24	static
gen.c:261:5:gen_black_pawn_moves	96	static
gen.c:305:5:gen_black_knight_moves	32	static
gen.c:310:5:gen_black_bishop_moves	48	static
gen.c:315:5:gen_black_rook_moves	48	static
gen.c:320:5:gen_black_queen_moves	48	static
gen.c:325:5:gen_black_king_moves	32	static
gen.c:330:5:gen_black_king_castles	816	static
gen.c:353:5:gen_black_moves	24	static
gen.c:366:5:gen_black_pawn_attacks_against	72	static
gen.c:383:5:gen_black_knight_attacks_against	40	static
gen.c:388:5:gen_black_bishop_attacks_against	48	static
gen.c:393:5:gen_black_rook_attacks_against	48	static
gen.c:398:5:gen_black_queen_attacks_against	48	static
gen.c:403:5:gen_black_king_attacks_against	40	static
gen.c:408:5:gen_black_attacks_against	32	static
gen.c:419:5:gen_black_attacks	24	static
gen.c:423:5:gen_black_checks	24	static
gen.c:428:5:gen_moves	16	static
gen.c:437:5:gen_legal_moves	816	static
gen.c:453:5:gen_attacks	16	static
gen.c:462:5:gen_checks	16	static
gen.c:471:5:is_check	784	static
gen.c:481:5:is_illegal	784	static
gen.c:491:5:has_legal_moves	784	static
